// Jest Snapshot v1, https://goo.gl/fbAQLP

exports[`Storyshots auth/Login Login 1`] = `
<div
  className="sc-bdVaJa jVMktn"
  height="100%"
  width="100%"
>
  <div
    className="sc-bdVaJa bUqnKa"
  >
    <p
      className="sc-htpNat MtFRC"
      color="dark"
      fontSize="large"
    >
      Login with AccountKit
    </p>
  </div>
  <div
    className="sc-bdVaJa JiNTR"
  >
    <button
      className="sc-bwzfXH hZxYyJ"
      fontSize="default"
      height="medium"
      onClick={[Function]}
    >
      Login via Email
    </button>
  </div>
  <div
    className="sc-bdVaJa JiNTR"
  >
    <button
      className="sc-bwzfXH hZxYyJ"
      fontSize="default"
      height="medium"
      onClick={[Function]}
    >
      Login via SMS
    </button>
  </div>
</div>
`;
